------------------------------------------------------------
Timing Analyzer Summary
------------------------------------------------------------

Type  : Slow 1200mV 85C Model Setup 'CLOCK_50'
Slack : -3.701
TNS   : -76.787

Type  : Slow 1200mV 85C Model Setup 'ClkDividerN:inst|clkOut'
Slack : -0.580
TNS   : -1.195

Type  : Slow 1200mV 85C Model Hold 'ClkDividerN:inst|clkOut'
Slack : 0.404
TNS   : 0.000

Type  : Slow 1200mV 85C Model Hold 'CLOCK_50'
Slack : 0.450
TNS   : 0.000

Type  : Slow 1200mV 85C Model Minimum Pulse Width 'CLOCK_50'
Slack : -3.000
TNS   : -37.695

Type  : Slow 1200mV 85C Model Minimum Pulse Width 'ClkDividerN:inst|clkOut'
Slack : -1.285
TNS   : -8.995

Type  : Slow 1200mV 0C Model Setup 'CLOCK_50'
Slack : -3.382
TNS   : -68.073

Type  : Slow 1200mV 0C Model Setup 'ClkDividerN:inst|clkOut'
Slack : -0.418
TNS   : -0.829

Type  : Slow 1200mV 0C Model Hold 'ClkDividerN:inst|clkOut'
Slack : 0.355
TNS   : 0.000

Type  : Slow 1200mV 0C Model Hold 'CLOCK_50'
Slack : 0.407
TNS   : 0.000

Type  : Slow 1200mV 0C Model Minimum Pulse Width 'CLOCK_50'
Slack : -3.000
TNS   : -37.695

Type  : Slow 1200mV 0C Model Minimum Pulse Width 'ClkDividerN:inst|clkOut'
Slack : -1.285
TNS   : -8.995

Type  : Fast 1200mV 0C Model Setup 'CLOCK_50'
Slack : -1.447
TNS   : -22.207

Type  : Fast 1200mV 0C Model Setup 'ClkDividerN:inst|clkOut'
Slack : 0.225
TNS   : 0.000

Type  : Fast 1200mV 0C Model Hold 'ClkDividerN:inst|clkOut'
Slack : 0.183
TNS   : 0.000

Type  : Fast 1200mV 0C Model Hold 'CLOCK_50'
Slack : 0.204
TNS   : 0.000

Type  : Fast 1200mV 0C Model Minimum Pulse Width 'CLOCK_50'
Slack : -3.000
TNS   : -31.687

Type  : Fast 1200mV 0C Model Minimum Pulse Width 'ClkDividerN:inst|clkOut'
Slack : -1.000
TNS   : -7.000

------------------------------------------------------------
